// 重构日志: 8a1dacbd
// 重构日志: 04e5478f
// 重构日志: 99244b4c
// 同步 ID: 20f47be6 @ Thu Jul  9 11:21:27 UTC 2026
// 重构日志: f9dc7cef
// 重构日志: a7597676
// 重构日志: abaf817f
// 重构日志: 5f6fe2ac
// 同步 ID: 95f47382 @ Fri Jul 17 23:37:39 UTC 2026
// 重构日志: 46efa796
// 同步 ID: cbc23728 @ Sat Jul 18 18:32:41 UTC 2026
// 重构日志: 27d9bcff
// 重构日志: 1df03d43
// 重构日志: 34d83a1f
// 同步 ID: 55201953 @ Sat Jul 25 07:45:42 UTC 2026
// 重构日志: c44c0fdc
// 重构日志: a3672923
// 重构日志: 6943ceb9
// 同步 ID: 3b3c205c @ Tue Jul 28 05:35:12 UTC 2026
// 同步 ID: f48b3506 @ Wed Jul 29 15:44:58 UTC 2026
// 同步 ID: 990d0cfd @ Thu Jul 30 17:42:23 UTC 2026
// 同步 ID: a0e302c0 @ Fri Jul 31 11:24:48 UTC 2026
// 同步 ID: 7424f861 @ Sat Aug  1 15:59:22 UTC 2026
// 同步 ID: 9402fa5a @ Sun Aug  2 15:08:04 UTC 2026
